// Jest Snapshot v1, https://goo.gl/fbAQLP

exports[`renders correctly 1`] = `
<View
  style={
    {
      "alignItems": "center",
      "justifyContent": "center",
    }
  }
>
  <Text
    style={
      {
        "color": "red",
        "fontSize": 30,
      }
    }
  >
    truefalse
  </Text>
</View>
`;
